=> e01200007211506c7567696e426f696c6572706c617465410e1bce983f78f8913002c3f7e52daf78de6da2cba9059cbb3045022100c6ed1e65f3c1a58fff2348c90e5945ae419e946f71142be6a5210333dd1d8ea7022010cdcf93e2895087194961c360ef24847c5c2c4c1956b02ece931fa4aed174ec
<= 9000
=> e0c40000e8058000002c800000c38000000000000000000000000a02d20b220892915c91841dd16f40d097fec5f0315aae01081f12a9010a31747970652e676f6f676c65617069732e636f6d2f70726f746f636f6c2e54726967676572536d617274436f6e747261637412740a15410dfba2397e8746cddd023d7670d8e0cdc1d497b81215410e1bce983f78f8913002c3f7e52daf78de6da2cb2244a9059cbb000000000000000000000000573708726db88a32c1b9c828fef508577cfb8483000000000000000000000000000000000000000000000000000000000000000a70dac5fac5f031900180ade204
<= 2ccdc48ab86a3268fb93a9a798a8490fe748af7c14d61083da30d2897a019676149acd748ff720187e012c6dff22122db03a2ff3a0c7d221aa383d018e0934bc019000
